
> regengine-frontend@0.1.0 build
> next build

[@sentry/nextjs] DEPRECATION WARNING: disableLogger is deprecated and will be removed in a future version. Use webpack.treeshake.removeDebugLogging instead.
[@sentry/nextjs] The Sentry Next.js SDK `tunnelRoute` option will not work in combination with Next.js static exports. The `tunnelRoute` option uses server-side features that cannot be accessed in export mode. If you still want to tunnel Sentry events, set up your own tunnel: https://docs.sentry.io/platforms/javascript/troubleshooting/#using-the-tunnel-option
[@sentry/nextjs] ACTION REQUIRED: To instrument navigations, the Sentry SDK requires you to export an `onRouterTransitionStart` hook from your `instrumentation-client.(js|ts)` file. You can do so by adding `export const onRouterTransitionStart = Sentry.captureRouterTransitionStart;` to the file.
 ⚠ Specified "rewrites" will not automatically work with "output: export". See more info here: https://nextjs.org/docs/messages/export-no-custom-routes
 ⚠ Specified "redirects" will not automatically work with "output: export". See more info here: https://nextjs.org/docs/messages/export-no-custom-routes
   ▲ Next.js 15.5.12
   - Environments: .env.local
   - Experiments (use with caution):
     · clientTraceMetadata

   Creating an optimized production build ...
[@sentry/nextjs] Could not find `onRequestError` hook in instrumentation file. This indicates outdated configuration of the Sentry SDK. Use `Sentry.captureRequestError` to instrument the `onRequestError` hook: https://docs.sentry.io/platforms/javascript/guides/nextjs/manual-setup/#errors-from-nested-react-server-components
> [PWA] Compile server
> [PWA] Compile server
> [PWA] Compile client (static)
> [PWA] Auto register service worker with: /Users/christophersellers/Desktop/RegEngine/frontend/node_modules/next-pwa/register.js
> [PWA] Service worker: /Users/christophersellers/Desktop/RegEngine/frontend/public/sw.js
> [PWA]   url: /sw.js
> [PWA]   scope: /
 ✓ Compiled successfully in 10.1s
   Linting and checking validity of types ...
   Collecting page data ...

> Build error occurred
[Error: Page "/api/review/[id]/approve" is missing "generateStaticParams()" so it cannot be used with "output: export" config.]
