
==================================== ERRORS ====================================
__________ ERROR collecting services/automotive/tests/test_routes.py ___________
ImportError while importing test module '/Users/christophersellers/Desktop/RegEngine/services/automotive/tests/test_routes.py'.
Hint: make sure your test modules/packages have valid Python names.
Traceback:
services/automotive/tests/test_routes.py:17: in <module>
    from services.automotive.app.main import app
services/automotive/app/main.py:19: in <module>
    from .ppap_vault import router as ppap_router
services/automotive/app/ppap_vault.py:19: in <module>
    from .auth import require_api_key
services/automotive/app/auth.py:15: in <module>
    from shared.auth import require_api_key, optional_api_key, APIKey  # noqa: F401
E   ModuleNotFoundError: No module named 'shared.auth'
=============================== warnings summary ===============================
services/automotive/app/models.py:13
services/automotive/app/models.py:13
  /Users/christophersellers/Desktop/RegEngine/services/automotive/app/models.py:13: MovedIn20Warning: The ``declarative_base()`` function is now available as sqlalchemy.orm.declarative_base(). (deprecated since: 2.0) (Background on SQLAlchemy 2.0 at: https://sqlalche.me/e/b8d9)
    Base = declarative_base()

.venv/lib/python3.9/site-packages/pydantic/_internal/_config.py:272
  /Users/christophersellers/Desktop/RegEngine/.venv/lib/python3.9/site-packages/pydantic/_internal/_config.py:272: PydanticDeprecatedSince20: Support for class-based `config` is deprecated, use ConfigDict instead. Deprecated in Pydantic V2.0 to be removed in V3.0. See Pydantic V2 Migration Guide at https://errors.pydantic.dev/2.6/migration/
    warnings.warn(DEPRECATION_MESSAGE, DeprecationWarning)

-- Docs: https://docs.pytest.org/en/stable/how-to/capture-warnings.html
=========================== short test summary info ============================
ERROR services/automotive/tests/test_routes.py
!!!!!!!!!!!!!!!!!!!! Interrupted: 1 error during collection !!!!!!!!!!!!!!!!!!!!
3 warnings, 1 error in 0.30s
